2026-01-27 16:05:17,268 - __main__ - CRITICAL - Uncaught exception: Traceback (most recent call last):
  File "F:\pos_app\views\sales.py", line 3490, in eventFilter
    def eventFilter(self, obj, event):
    
KeyboardInterrupt

2026-01-27 16:06:35,630 - __main__ - CRITICAL - Uncaught exception: Traceback (most recent call last):
  File "F:\pos_app\views\sales.py", line 3490, in eventFilter
    def eventFilter(self, obj, event):
    
KeyboardInterrupt

2026-01-27 16:25:09,477 - __main__ - CRITICAL - Uncaught exception: Traceback (most recent call last):
  File "C:\Users\pc\AppData\Local\Programs\Python\Python314\Lib\site-packages\sqlalchemy\engine\base.py", line 1967, in _exec_single_context
    self.dialect.do_execute(
    ~~~~~~~~~~~~~~~~~~~~~~~^
        cursor, str_statement, effective_parameters, context
        ^^^^^^^^^^^^^^^^^^^^^^^^^^^^^^^^^^^^^^^^^^^^^^^^^^^^
    )
    ^
  File "C:\Users\pc\AppData\Local\Programs\Python\Python314\Lib\site-packages\sqlalchemy\engine\default.py", line 951, in do_execute
    cursor.execute(statement, parameters)
    ~~~~~~~~~~~~~~^^^^^^^^^^^^^^^^^^^^^^^
psycopg2.OperationalError: server closed the connection unexpectedly
	This probably means the server terminated abnormally
	before or while processing the request.


The above exception was the direct cause of the following exception:

Traceback (most recent call last):
  File "F:\pos_app\views\dashboard_enhanced.py", line 1575, in load_data
    self.load_stats()
    ~~~~~~~~~~~~~~~^^
  File "F:\pos_app\views\dashboard_enhanced.py", line 1000, in load_stats
    ).count()
      ~~~~~^^
  File "C:\Users\pc\AppData\Local\Programs\Python\Python314\Lib\site-packages\sqlalchemy\orm\query.py", line 3146, in count
    self._legacy_from_self(col).enable_eagerloads(False).scalar()
    ~~~~~~~~~~~~~~~~~~~~~~~~~~~~~~~~~~~~~~~~~~~~~~~~~~~~~~~~~~~^^
  File "C:\Users\pc\AppData\Local\Programs\Python\Python314\Lib\site-packages\sqlalchemy\orm\query.py", line 2835, in scalar
    ret = self.one()
  File "C:\Users\pc\AppData\Local\Programs\Python\Python314\Lib\site-packages\sqlalchemy\orm\query.py", line 2808, in one
    return self._iter().one()  # type: ignore
           ~~~~~~~~~~^^
  File "C:\Users\pc\AppData\Local\Programs\Python\Python314\Lib\site-packages\sqlalchemy\orm\query.py", line 2857, in _iter
    result: Union[ScalarResult[_T], Result[_T]] = self.session.execute(
                                                  ~~~~~~~~~~~~~~~~~~~~^
        statement,
        ^^^^^^^^^^
        params,
        ^^^^^^^
        execution_options={"_sa_orm_load_options": self.load_options},
        ^^^^^^^^^^^^^^^^^^^^^^^^^^^^^^^^^^^^^^^^^^^^^^^^^^^^^^^^^^^^^^
    )
    ^
  File "C:\Users\pc\AppData\Local\Programs\Python\Python314\Lib\site-packages\sqlalchemy\orm\session.py", line 2351, in execute
    return self._execute_internal(
           ~~~~~~~~~~~~~~~~~~~~~~^
        statement,
        ^^^^^^^^^^
    ...<4 lines>...
        _add_event=_add_event,
        ^^^^^^^^^^^^^^^^^^^^^^
    )
    ^
  File "C:\Users\pc\AppData\Local\Programs\Python\Python314\Lib\site-packages\sqlalchemy\orm\session.py", line 2249, in _execute_internal
    result: Result[Any] = compile_state_cls.orm_execute_statement(
                          ~~~~~~~~~~~~~~~~~~~~~~~~~~~~~~~~~~~~~~~^
        self,
        ^^^^^
    ...<4 lines>...
        conn,
        ^^^^^
    )
    ^
  File "C:\Users\pc\AppData\Local\Programs\Python\Python314\Lib\site-packages\sqlalchemy\orm\context.py", line 306, in orm_execute_statement
    result = conn.execute(
        statement, params or {}, execution_options=execution_options
    )
  File "C:\Users\pc\AppData\Local\Programs\Python\Python314\Lib\site-packages\sqlalchemy\engine\base.py", line 1419, in execute
    return meth(
        self,
        distilled_parameters,
        execution_options or NO_OPTIONS,
    )
  File "C:\Users\pc\AppData\Local\Programs\Python\Python314\Lib\site-packages\sqlalchemy\sql\elements.py", line 526, in _execute_on_connection
    return connection._execute_clauseelement(
           ~~~~~~~~~~~~~~~~~~~~~~~~~~~~~~~~~^
        self, distilled_params, execution_options
        ^^^^^^^^^^^^^^^^^^^^^^^^^^^^^^^^^^^^^^^^^
    )
    ^
  File "C:\Users\pc\AppData\Local\Programs\Python\Python314\Lib\site-packages\sqlalchemy\engine\base.py", line 1641, in _execute_clauseelement
    ret = self._execute_context(
        dialect,
    ...<8 lines>...
        cache_hit=cache_hit,
    )
  File "C:\Users\pc\AppData\Local\Programs\Python\Python314\Lib\site-packages\sqlalchemy\engine\base.py", line 1846, in _execute_context
    return self._exec_single_context(
           ~~~~~~~~~~~~~~~~~~~~~~~~~^
        dialect, context, statement, parameters
        ^^^^^^^^^^^^^^^^^^^^^^^^^^^^^^^^^^^^^^^
    )
    ^
  File "C:\Users\pc\AppData\Local\Programs\Python\Python314\Lib\site-packages\sqlalchemy\engine\base.py", line 1986, in _exec_single_context
    self._handle_dbapi_exception(
    ~~~~~~~~~~~~~~~~~~~~~~~~~~~~^
        e, str_statement, effective_parameters, cursor, context
        ^^^^^^^^^^^^^^^^^^^^^^^^^^^^^^^^^^^^^^^^^^^^^^^^^^^^^^^
    )
    ^
  File "C:\Users\pc\AppData\Local\Programs\Python\Python314\Lib\site-packages\sqlalchemy\engine\base.py", line 2355, in _handle_dbapi_exception
    raise sqlalchemy_exception.with_traceback(exc_info[2]) from e
  File "C:\Users\pc\AppData\Local\Programs\Python\Python314\Lib\site-packages\sqlalchemy\engine\base.py", line 1967, in _exec_single_context
    self.dialect.do_execute(
    ~~~~~~~~~~~~~~~~~~~~~~~^
        cursor, str_statement, effective_parameters, context
        ^^^^^^^^^^^^^^^^^^^^^^^^^^^^^^^^^^^^^^^^^^^^^^^^^^^^
    )
    ^
  File "C:\Users\pc\AppData\Local\Programs\Python\Python314\Lib\site-packages\sqlalchemy\engine\default.py", line 951, in do_execute
    cursor.execute(statement, parameters)
    ~~~~~~~~~~~~~~^^^^^^^^^^^^^^^^^^^^^^^
sqlalchemy.exc.OperationalError: (psycopg2.OperationalError) server closed the connection unexpectedly
	This probably means the server terminated abnormally
	before or while processing the request.

[SQL: SELECT count(*) AS count_1 
FROM (SELECT products.id AS products_id, products.name AS products_name, products.product_type AS products_product_type, products.description AS products_description, products.sku AS products_sku, products.rack_location AS products_rack_location, products.barcode AS products_barcode, products.retail_price AS products_retail_price, products.wholesale_price AS products_wholesale_price, products.purchase_price AS products_purchase_price, products.stock_level AS products_stock_level, products.reorder_level AS products_reorder_level, products.low_stock_alert AS products_low_stock_alert, products.max_stock AS products_max_stock, products.supplier_id AS products_supplier_id, products.product_category_id AS products_product_category_id, products.product_subcategory_id AS products_product_subcategory_id, products.packaging_type_id AS products_packaging_type_id, products.unit AS products_unit, products.shelf_location AS products_shelf_location, products.warehouse_location AS products_warehouse_location, products.brand AS products_brand, products.model AS products_model, products.weight AS products_weight, products.dimensions AS products_dimensions, products.color AS products_color, products.colors AS products_colors, products.size AS products_size, products.tax_rate AS products_tax_rate, products.discount_percentage AS products_discount_percentage, products.profit_margin AS products_profit_margin, products.is_active AS products_is_active, products.warranty AS products_warranty, products.notes AS products_notes, products.created_at AS products_created_at, products.updated_at AS products_updated_at 
FROM products 
WHERE products.stock_level <= products.reorder_level) AS anon_1]
(Background on this error at: https://sqlalche.me/e/20/e3q8)

2026-01-27 16:25:09,477 - __main__ - CRITICAL - Uncaught exception: Traceback (most recent call last):
  File "C:\Users\pc\AppData\Local\Programs\Python\Python314\Lib\site-packages\sqlalchemy\engine\base.py", line 1967, in _exec_single_context
    self.dialect.do_execute(
    ~~~~~~~~~~~~~~~~~~~~~~~^
        cursor, str_statement, effective_parameters, context
        ^^^^^^^^^^^^^^^^^^^^^^^^^^^^^^^^^^^^^^^^^^^^^^^^^^^^
    )
    ^
  File "C:\Users\pc\AppData\Local\Programs\Python\Python314\Lib\site-packages\sqlalchemy\engine\default.py", line 951, in do_execute
    cursor.execute(statement, parameters)
    ~~~~~~~~~~~~~~^^^^^^^^^^^^^^^^^^^^^^^
psycopg2.OperationalError: server closed the connection unexpectedly
	This probably means the server terminated abnormally
	before or while processing the request.


The above exception was the direct cause of the following exception:

Traceback (most recent call last):
  File "F:\pos_app\views\dashboard_enhanced.py", line 1575, in load_data
    self.load_stats()
    ~~~~~~~~~~~~~~~^^
  File "F:\pos_app\views\dashboard_enhanced.py", line 1000, in load_stats
    ).count()
      ~~~~~^^
  File "C:\Users\pc\AppData\Local\Programs\Python\Python314\Lib\site-packages\sqlalchemy\orm\query.py", line 3146, in count
    self._legacy_from_self(col).enable_eagerloads(False).scalar()
    ~~~~~~~~~~~~~~~~~~~~~~~~~~~~~~~~~~~~~~~~~~~~~~~~~~~~~~~~~~~^^
  File "C:\Users\pc\AppData\Local\Programs\Python\Python314\Lib\site-packages\sqlalchemy\orm\query.py", line 2835, in scalar
    ret = self.one()
  File "C:\Users\pc\AppData\Local\Programs\Python\Python314\Lib\site-packages\sqlalchemy\orm\query.py", line 2808, in one
    return self._iter().one()  # type: ignore
           ~~~~~~~~~~^^
  File "C:\Users\pc\AppData\Local\Programs\Python\Python314\Lib\site-packages\sqlalchemy\orm\query.py", line 2857, in _iter
    result: Union[ScalarResult[_T], Result[_T]] = self.session.execute(
                                                  ~~~~~~~~~~~~~~~~~~~~^
        statement,
        ^^^^^^^^^^
        params,
        ^^^^^^^
        execution_options={"_sa_orm_load_options": self.load_options},
        ^^^^^^^^^^^^^^^^^^^^^^^^^^^^^^^^^^^^^^^^^^^^^^^^^^^^^^^^^^^^^^
    )
    ^
  File "C:\Users\pc\AppData\Local\Programs\Python\Python314\Lib\site-packages\sqlalchemy\orm\session.py", line 2351, in execute
    return self._execute_internal(
           ~~~~~~~~~~~~~~~~~~~~~~^
        statement,
        ^^^^^^^^^^
    ...<4 lines>...
        _add_event=_add_event,
        ^^^^^^^^^^^^^^^^^^^^^^
    )
    ^
  File "C:\Users\pc\AppData\Local\Programs\Python\Python314\Lib\site-packages\sqlalchemy\orm\session.py", line 2249, in _execute_internal
    result: Result[Any] = compile_state_cls.orm_execute_statement(
                          ~~~~~~~~~~~~~~~~~~~~~~~~~~~~~~~~~~~~~~~^
        self,
        ^^^^^
    ...<4 lines>...
        conn,
        ^^^^^
    )
    ^
  File "C:\Users\pc\AppData\Local\Programs\Python\Python314\Lib\site-packages\sqlalchemy\orm\context.py", line 306, in orm_execute_statement
    result = conn.execute(
        statement, params or {}, execution_options=execution_options
    )
  File "C:\Users\pc\AppData\Local\Programs\Python\Python314\Lib\site-packages\sqlalchemy\engine\base.py", line 1419, in execute
    return meth(
        self,
        distilled_parameters,
        execution_options or NO_OPTIONS,
    )
  File "C:\Users\pc\AppData\Local\Programs\Python\Python314\Lib\site-packages\sqlalchemy\sql\elements.py", line 526, in _execute_on_connection
    return connection._execute_clauseelement(
           ~~~~~~~~~~~~~~~~~~~~~~~~~~~~~~~~~^
        self, distilled_params, execution_options
        ^^^^^^^^^^^^^^^^^^^^^^^^^^^^^^^^^^^^^^^^^
    )
    ^
  File "C:\Users\pc\AppData\Local\Programs\Python\Python314\Lib\site-packages\sqlalchemy\engine\base.py", line 1641, in _execute_clauseelement
    ret = self._execute_context(
        dialect,
    ...<8 lines>...
        cache_hit=cache_hit,
    )
  File "C:\Users\pc\AppData\Local\Programs\Python\Python314\Lib\site-packages\sqlalchemy\engine\base.py", line 1846, in _execute_context
    return self._exec_single_context(
           ~~~~~~~~~~~~~~~~~~~~~~~~~^
        dialect, context, statement, parameters
        ^^^^^^^^^^^^^^^^^^^^^^^^^^^^^^^^^^^^^^^
    )
    ^
  File "C:\Users\pc\AppData\Local\Programs\Python\Python314\Lib\site-packages\sqlalchemy\engine\base.py", line 1986, in _exec_single_context
    self._handle_dbapi_exception(
    ~~~~~~~~~~~~~~~~~~~~~~~~~~~~^
        e, str_statement, effective_parameters, cursor, context
        ^^^^^^^^^^^^^^^^^^^^^^^^^^^^^^^^^^^^^^^^^^^^^^^^^^^^^^^
    )
    ^
  File "C:\Users\pc\AppData\Local\Programs\Python\Python314\Lib\site-packages\sqlalchemy\engine\base.py", line 2355, in _handle_dbapi_exception
    raise sqlalchemy_exception.with_traceback(exc_info[2]) from e
  File "C:\Users\pc\AppData\Local\Programs\Python\Python314\Lib\site-packages\sqlalchemy\engine\base.py", line 1967, in _exec_single_context
    self.dialect.do_execute(
    ~~~~~~~~~~~~~~~~~~~~~~~^
        cursor, str_statement, effective_parameters, context
        ^^^^^^^^^^^^^^^^^^^^^^^^^^^^^^^^^^^^^^^^^^^^^^^^^^^^
    )
    ^
  File "C:\Users\pc\AppData\Local\Programs\Python\Python314\Lib\site-packages\sqlalchemy\engine\default.py", line 951, in do_execute
    cursor.execute(statement, parameters)
    ~~~~~~~~~~~~~~^^^^^^^^^^^^^^^^^^^^^^^
sqlalchemy.exc.OperationalError: (psycopg2.OperationalError) server closed the connection unexpectedly
	This probably means the server terminated abnormally
	before or while processing the request.

[SQL: SELECT count(*) AS count_1 
FROM (SELECT products.id AS products_id, products.name AS products_name, products.product_type AS products_product_type, products.description AS products_description, products.sku AS products_sku, products.rack_location AS products_rack_location, products.barcode AS products_barcode, products.retail_price AS products_retail_price, products.wholesale_price AS products_wholesale_price, products.purchase_price AS products_purchase_price, products.stock_level AS products_stock_level, products.reorder_level AS products_reorder_level, products.low_stock_alert AS products_low_stock_alert, products.max_stock AS products_max_stock, products.supplier_id AS products_supplier_id, products.product_category_id AS products_product_category_id, products.product_subcategory_id AS products_product_subcategory_id, products.packaging_type_id AS products_packaging_type_id, products.unit AS products_unit, products.shelf_location AS products_shelf_location, products.warehouse_location AS products_warehouse_location, products.brand AS products_brand, products.model AS products_model, products.weight AS products_weight, products.dimensions AS products_dimensions, products.color AS products_color, products.colors AS products_colors, products.size AS products_size, products.tax_rate AS products_tax_rate, products.discount_percentage AS products_discount_percentage, products.profit_margin AS products_profit_margin, products.is_active AS products_is_active, products.warranty AS products_warranty, products.notes AS products_notes, products.created_at AS products_created_at, products.updated_at AS products_updated_at 
FROM products 
WHERE products.stock_level <= products.reorder_level) AS anon_1]
(Background on this error at: https://sqlalche.me/e/20/e3q8)

